// Jest Snapshot v1, https://goo.gl/fbAQLP

exports[`Pagination should match the snapshot 1`] = `"<div class=\\"filter_pagination\\"><span class=\\"filter_pagination-page\\">Prev</span><span><span class=\\" filter_pagination-page\\">1</span></span><span><span class=\\" filter_pagination-page\\">2</span></span><span><span class=\\"current filter_pagination-page\\">3</span></span><span><span class=\\" filter_pagination-page\\">4</span></span><span><span class=\\" filter_pagination-page\\">5</span></span><span class=\\"filter_pagination-page\\">Next</span></div>"`;
